// Jest Snapshot v1, https://goo.gl/fbAQLP

exports[`TheContainer.vue renders correctly 1`] = `
<div
  class="c-app"
>
  <thesidebar-stub />
   
  <cwrapper-stub
    tag="div"
  >
    <theheader-stub />
     
    <theaside-stub />
     
    <div
      class="c-body"
    >
      <main
        class="c-main"
      >
        <ccontainer-stub
          fluid="true"
          tag="div"
        >
          <transition-stub
            name="fade"
          >
            <router-view-stub
              name="default"
            />
          </transition-stub>
        </ccontainer-stub>
      </main>
       
      <thefooter-stub />
    </div>
  </cwrapper-stub>
</div>
`;
